
sdrpluto_spsetup guided-host-radio-hardware-setup.html
sdrpluto_hostsetup_checklist guided-host-radio-hardware-setup.html#bvn89q2-17
sdrpluto_hwsetup_checklist guided-host-radio-hardware-setup.html#bvn89q2-21
manual_sdrpluto_spsetup manual-host-radio-hardware-setup.html
sdrpluto_tworadios setup-for-two-radios-connecting-to-one-host.html
sdrpluto_repeatedwaveformtx repeated-waveform-transmitter.html
sdrpluto_txrxsingleboard repeated-waveform-transmitter.html#bvn89l_-10
sdrpluto_burstmode burst-mode.html
sdrpluto_troubleshoot common-problems-and-fixes.html
host_not_communicating_w_radio common-problems-and-fixes.html#mw_f249f7ea-682d-4deb-8ab6-1d29e1831339
unpowered_usb_port common-problems-and-fixes.html#mw_1aad7e12-a385-45f9-ab8e-75d2e6484a87
pluto_tx_real_input common-problems-and-fixes.html#mw_0b591024-81df-4ed1-99b4-e5f9945397b1
sdrpluto_linux_configure_failure common-problems-and-fixes.html#bvqk03p
CaptureRFDataToBasebandFileUsingADALMPLUTORadioExample capture-rf-data-to-baseband-file-using-adalm-pluto-radio.html
AirplaneTrackingUsingADSBSignalsExample airplane-tracking-using-ads-b-signals.html
AirplaneTrackingUsingADSBSignalsExample-1 airplane-tracking-using-ads-b-signals.html#d124e2695
AirplaneTrackingUsingADSBSignalsExample-2 airplane-tracking-using-ads-b-signals.html#d124e2718
AirplaneTrackingUsingADSBSignalsExample-3 airplane-tracking-using-ads-b-signals.html#d124e2767
AirplaneTrackingUsingADSBSignalsExample-8 airplane-tracking-using-ads-b-signals.html#d124e2851
AirplaneTrackingUsingADSBSignalsExample-10 airplane-tracking-using-ads-b-signals.html#d124e2876
AirplaneTrackingUsingADSBSignalsExample-11 airplane-tracking-using-ads-b-signals.html#d124e2884
AMRExample automatic-meter-reading.html
AMRExample-1 automatic-meter-reading.html#d124e2971
AMRExample-2 automatic-meter-reading.html#d124e2988
AMRExample-3 automatic-meter-reading.html#d124e3018
AMRExample-5 automatic-meter-reading.html#d124e3034
AMRExample-6 automatic-meter-reading.html#d124e3055
AMRExample-11 automatic-meter-reading.html#d124e3116
AMRExample-12 automatic-meter-reading.html#d124e3155
FMBroadcastReceiverExample fm-broadcast-receiver.html
FMBroadcastReceiverExample-1 fm-broadcast-receiver.html#d124e3239
FMBroadcastReceiverExample-2 fm-broadcast-receiver.html#d124e3259
FMBroadcastReceiverExample-3 fm-broadcast-receiver.html#d124e3268
FMBroadcastReceiverExample-4 fm-broadcast-receiver.html#d124e3287
FMBroadcastReceiverExample-5 fm-broadcast-receiver.html#d124e3293
FMBroadcastReceiverExample-6 fm-broadcast-receiver.html#d124e3301
FMBroadcastReceiverExample-7 fm-broadcast-receiver.html#d124e3324
FrequencyCorrectionForADALMPLUTORadioExample frequency-correction-for-adalm-pluto-radio.html
FrequencyCorrectionForADALMPLUTORadioExample-1 frequency-correction-for-adalm-pluto-radio.html#d124e3374
FrequencyCorrectionForADALMPLUTORadioExample-2 frequency-correction-for-adalm-pluto-radio.html#d124e3540
FrequencyCorrectionForADALMPLUTORadioExample-3 frequency-correction-for-adalm-pluto-radio.html#d124e3549
FrequencyCorrectionForADALMPLUTORadioExample-4 frequency-correction-for-adalm-pluto-radio.html#d124e3561
FrequencyCorrectionForADALMPLUTORadioExample-5 frequency-correction-for-adalm-pluto-radio.html#d124e3569
FrequencyCorrectionForADALMPLUTORadioExample-6 frequency-correction-for-adalm-pluto-radio.html#d124e3581
FrequencyCorrectionForADALMPLUTORadioExample-7 frequency-correction-for-adalm-pluto-radio.html#d124e3590
FrequencyCorrectionForADALMPLUTORadioExample-8 frequency-correction-for-adalm-pluto-radio.html#d124e3602
FrequencyCorrectionForADALMPLUTORadioExample-9 frequency-correction-for-adalm-pluto-radio.html#d124e3640
QPSKReceiverWithADALMPLUTORadioExample qpsk-receiver-with-adalm-pluto-radio.html
QPSKReceiverWithADALMPLUTORadioExample-1 qpsk-receiver-with-adalm-pluto-radio.html#d124e3699
QPSKReceiverWithADALMPLUTORadioExample-2 qpsk-receiver-with-adalm-pluto-radio.html#d124e3719
QPSKReceiverWithADALMPLUTORadioExample-3 qpsk-receiver-with-adalm-pluto-radio.html#d124e3731
QPSKReceiverWithADALMPLUTORadioExample-4 qpsk-receiver-with-adalm-pluto-radio.html#d124e3746
QPSKReceiverWithADALMPLUTORadioExample-5 qpsk-receiver-with-adalm-pluto-radio.html#d124e3785
QPSKReceiverWithADALMPLUTORadioExample-7 qpsk-receiver-with-adalm-pluto-radio.html#d124e3823
QPSKReceiverWithADALMPLUTORadioExample-8 qpsk-receiver-with-adalm-pluto-radio.html#d124e3841
QPSKTransmitterWithADALMPLUTORadioExample qpsk-transmitter-with-adalm-pluto-radio.html
RBDSExample rds-rbds-and-radiotext-plus-rt-fm-receiver.html
SDRImageTransmissionReceptionUsing80211WaveformExample transmission-and-reception-of-an-image-using-wlan-system-toolbox-and-a-single-pluto-radio.html
SDRImageTransmissionReceptionUsingLTEWaveformExample transmission-and-reception-of-an-image-using-lte-toolbox-and-a-single-pluto-radio.html
SpectrumSensingWithDeepLearning5GLTEExample spectrum-sensing-with-deep-learning-to-identify-5g-lte-signals.html
SpectrumAnalysisExample spectral-analysis-with-adalm-pluto-radio.html
LTETransmitterUsingSDRExample lte-transmitter-using-sdr-pluto.html
LTEReceiverUsingSDRExample lte-receiver-using-sdr-pluto.html
ShipTrackingUsingAISSignalsExample ship-tracking-using-ais-signals-2.html
AirplaneTrackingUsingADSBSignalsInSimulinkExample airplane-tracking-using-ads-b-signals-1.html
AirplaneTrackingUsingADSBSignalsInSimulinkExample-1 airplane-tracking-using-ads-b-signals-1.html#d124e6828
AirplaneTrackingUsingADSBSignalsInSimulinkExample-2 airplane-tracking-using-ads-b-signals-1.html#d124e6846
AirplaneTrackingUsingADSBSignalsInSimulinkExample-3 airplane-tracking-using-ads-b-signals-1.html#d124e6854
AirplaneTrackingUsingADSBSignalsInSimulinkExample-10 airplane-tracking-using-ads-b-signals-1.html#d124e6959
AMRSimulinkExample automatic-meter-reading-1.html
AMRSimulinkExample-1 automatic-meter-reading-1.html#d124e7042
AMRSimulinkExample-2 automatic-meter-reading-1.html#d124e7059
AMRSimulinkExample-3 automatic-meter-reading-1.html#d124e7067
AMRSimulinkExample-9 automatic-meter-reading-1.html#d124e7133
AMRSimulinkExample-10 automatic-meter-reading-1.html#d124e7149
FMBroadcastReceiverInSimulinkExample fm-broadcast-receiver-in-simulink.html
FMBroadcastReceiverInSimulinkExample-1 fm-broadcast-receiver-in-simulink.html#d124e7203
FMBroadcastReceiverInSimulinkExample-2 fm-broadcast-receiver-in-simulink.html#d124e7241
FMBroadcastReceiverInSimulinkExample-3 fm-broadcast-receiver-in-simulink.html#d124e7249
FMBroadcastReceiverInSimulinkExample-4 fm-broadcast-receiver-in-simulink.html#d124e7272
FMBroadcastReceiverInSimulinkExample-8 fm-broadcast-receiver-in-simulink.html#d124e7312
FMBroadcastReceiverInSimulinkExample-9 fm-broadcast-receiver-in-simulink.html#d124e7324
FrequencyCorrectionForADALMPLUTORadioInSimulinkExample frequency-correction-for-adalm-pluto-radio-in-simulink.html
FrequencyCorrectionForADALMPLUTORadioInSimulinkExample-1 frequency-correction-for-adalm-pluto-radio-in-simulink.html#d124e7376
FrequencyCorrectionForADALMPLUTORadioInSimulinkExample-2 frequency-correction-for-adalm-pluto-radio-in-simulink.html#d124e7542
FrequencyCorrectionForADALMPLUTORadioInSimulinkExample-3 frequency-correction-for-adalm-pluto-radio-in-simulink.html#d124e7559
FrequencyCorrectionForADALMPLUTORadioInSimulinkExample-4 frequency-correction-for-adalm-pluto-radio-in-simulink.html#d124e7565
FrequencyCorrectionForADALMPLUTORadioInSimulinkExample-5 frequency-correction-for-adalm-pluto-radio-in-simulink.html#d124e7603
QPSKReceiverWithADALMPLUTORadioSimulinkExample qpsk-receiver-with-adalm-pluto-radio-1.html
QPSKReceiverWithADALMPLUTORadioSimulinkExample-1 qpsk-receiver-with-adalm-pluto-radio-1.html#d124e7661
QPSKReceiverWithADALMPLUTORadioSimulinkExample-2 qpsk-receiver-with-adalm-pluto-radio-1.html#d124e7666
QPSKReceiverWithADALMPLUTORadioSimulinkExample-6 qpsk-receiver-with-adalm-pluto-radio-1.html#d124e7717
QPSKReceiverWithADALMPLUTORadioSimulinkExample-7 qpsk-receiver-with-adalm-pluto-radio-1.html#d124e7721
QPSKReceiverWithADALMPLUTORadioSimulinkExample-8 qpsk-receiver-with-adalm-pluto-radio-1.html#d124e7730
QPSKReceiverWithADALMPLUTORadioSimulinkExample-9 qpsk-receiver-with-adalm-pluto-radio-1.html#d124e7735
QPSKReceiverWithADALMPLUTORadioSimulinkExample-10 qpsk-receiver-with-adalm-pluto-radio-1.html#d124e7745
QPSKReceiverWithADALMPLUTORadioSimulinkExample-11 qpsk-receiver-with-adalm-pluto-radio-1.html#d124e7762
QPSKReceiverWithADALMPLUTORadioSimulinkExample-12 qpsk-receiver-with-adalm-pluto-radio-1.html#d124e7777
QPSKReceiverWithADALMPLUTORadioSimulinkExample-13 qpsk-receiver-with-adalm-pluto-radio-1.html#d124e7782
QPSKReceiverWithADALMPLUTORadioSimulinkExample-14 qpsk-receiver-with-adalm-pluto-radio-1.html#d124e7795
QPSKReceiverWithADALMPLUTORadioSimulinkExample-15 qpsk-receiver-with-adalm-pluto-radio-1.html#d124e7827
QPSKReceiverWithADALMPLUTORadioSimulinkExample-16 qpsk-receiver-with-adalm-pluto-radio-1.html#d124e7852
QPSKTransmitterWithADALMPLUTORadioSimulinkExample qpsk-transmitter-with-adalm-pluto-radio-1.html
QPSKTransmitterWithADALMPLUTORadioSimulinkExample-1 qpsk-transmitter-with-adalm-pluto-radio-1.html#d124e7900
QPSKTransmitterWithADALMPLUTORadioSimulinkExample-3 qpsk-transmitter-with-adalm-pluto-radio-1.html#d124e7940
QPSKTransmitterWithADALMPLUTORadioSimulinkExample-4 qpsk-transmitter-with-adalm-pluto-radio-1.html#d124e7954
RBDSInSimulinkExample rds-rbds-and-radiotext-plus-rt-fm-receiver-1.html
RBDSInSimulinkExample-1 rds-rbds-and-radiotext-plus-rt-fm-receiver-1.html#d124e8056
RBDSInSimulinkExample-2 rds-rbds-and-radiotext-plus-rt-fm-receiver-1.html#d124e8076
RBDSInSimulinkExample-3 rds-rbds-and-radiotext-plus-rt-fm-receiver-1.html#d124e8096
RBDSInSimulinkExample-6 rds-rbds-and-radiotext-plus-rt-fm-receiver-1.html#d124e8203
RBDSInSimulinkExample-7 rds-rbds-and-radiotext-plus-rt-fm-receiver-1.html#d124e8239
RBDSInSimulinkExample-8 rds-rbds-and-radiotext-plus-rt-fm-receiver-1.html#d124e8269
RBDSInSimulinkExample-10 rds-rbds-and-radiotext-plus-rt-fm-receiver-1.html#d124e8319
SpectralAnalysisSimulinkExample spectral-analysis-with-adalm-pluto-radio-simulink.html
SpectralAnalysisSimulinkExample-1 spectral-analysis-with-adalm-pluto-radio-simulink.html#d124e8383
SpectralAnalysisSimulinkExample-2 spectral-analysis-with-adalm-pluto-radio-simulink.html#d124e8396
SpectralAnalysisSimulinkExample-3 spectral-analysis-with-adalm-pluto-radio-simulink.html#d124e8408
SpectralAnalysisSimulinkExample-4 spectral-analysis-with-adalm-pluto-radio-simulink.html#d124e8420
FrequencyOffsetCalibrationWithADALMPLUTORadioSimulinkExample frequency-offset-calibration-with-adalm-pluto-radio-simulink.html
FrequencyOffsetCalibrationWithADALMPLUTORadioSimulinkExample-1 frequency-offset-calibration-with-adalm-pluto-radio-simulink.html#d124e8479
FrequencyOffsetCalibrationWithADALMPLUTORadioSimulinkExample-2 frequency-offset-calibration-with-adalm-pluto-radio-simulink.html#d124e8491
FrequencyOffsetCalibrationWithADALMPLUTORadioSimulinkExample-7 frequency-offset-calibration-with-adalm-pluto-radio-simulink.html#d124e8527
FrequencyOffsetCalibrationWithADALMPLUTORadioSimulinkExample-8 frequency-offset-calibration-with-adalm-pluto-radio-simulink.html#d124e8531
FrequencyOffsetCalibrationWithADALMPLUTORadioSimulinkExample-9 frequency-offset-calibration-with-adalm-pluto-radio-simulink.html#d124e8546
FrequencyOffsetCalibrationWithADALMPLUTORadioSimulinkExample-10 frequency-offset-calibration-with-adalm-pluto-radio-simulink.html#d124e8557